намерени връзки: 78
  2026-10-02T22:00  90s kids @ Malkata tekila Sofia - Angel Kanchev 1   @ Малката Текила
  2026-10-02T19:00  Arika Adams - Overground Album Promo  @ Клуб Строежа
  2026-10-22T10:00  Asia Motor Show 2026  @ Интер Експо Център
  2026-10-10T19:00  Autumn Wave Fest  @ клуб Паве
  2026-10-03T09:30  AWS Community Day 2026  @ София Тех Парк
  2026-10-17T14:30  Аз рисувам като ... Винсент Ван Гог - ателие за де  @ АРТ Къща
  2026-10-03T19:00  Azymuth [LIVE] @ Malkata Tekila Sofia 03/10/2026  @ Малката Текила
  2026-10-09T23:00  back to CHILDHOOD  @ Клуб Грамофон
  2026-10-01T20:00  BARTOK GOTHIC 6 Live@Mixtape 5  @ Mixtape 5
  2026-10-08T19:30  Before We Met by Singles of Sofia  @ Networking Premium (Гурко 16)
  2026-11-10T10:00  BRAND TALKs 2026  @ Joy Station
  2026-10-02T19:30  Дантела от ноти  @ Музей Борис Христов
  2026-10-30T19:00  DARA - Live  @ Пиротска 5
  2026-10-03T11:00  Детски тур из Древна Сердика  @ Nexus Space
  2027-01-23T18:00  Disney - ФАНТАЗИЯ - Концерт на живо  @ НДК
  2026-10-08T18:30  DisruptHR Sofia vol.7 "Стари времена"  @ Joy Station
  2026-10-22T20:00  DJ KRUSH @ Malkata Tekila Sofia 22/10/2026  @ Малката Текила
  2026-11-14T20:00  Echoes Of Balkana: Khanъ, Tickle The Sage & E-An-N  @ Mixtape 5
  2026-10-02T21:00  Element Clan pres. METAL VS BASS w/ Eric Hutchence  @ Mixtape 5
  2026-10-03T10:00  Фестивалът "Общувай"  @ Интерпред - Световен търговски център
  2026-10-17T17:00  Frozen Heart Sofia  @ Асикс Арена
  2026-10-03T18:00  giegling in sofia  @ Sofia - Secret Location
  2026-10-31T23:00  Halloween Night with The Wonder GIrls / Club Mixta  @ Mixtape 5
  2026-10-31T21:00  HALLOWEEN PARANOIA 3, Sofia Halloween fest 2026, C  @ Чистилището
  2026-10-31T14:00  Infected Halloween 2026 | Day & Night Fest  @ Sofia - Secret Location
  2026-10-15T09:00  ISTA Conference 2026- Fest Edition  @ Sofia Event Center
  2026-10-03T19:00  Kawir: 30 години от "To Cavirs"  @ Клуб "При Черепите"
  2026-10-08T20:00  Концерт на Аннамари Олà, Петър Йорданов - Бъни и Ж  @ Schroedinger Bar
  2026-10-03T17:00  Лазерен лабиринт "Фотоника"  @ Nexus Space
  2026-10-02T19:30  Лексикон парти - Най-обичаните хитове на 90-те и и  @ Gravity bar
  2026-10-01T16:00  LIQUID MARKET Sofia - Cocktail Festival 2026  @ Чистилището
  2026-10-03T22:30  Liquidizer @ Malkata Tekila Sofia 03/10/2026  @ Малката Текила
  2026-10-09T19:00  MADBALL live in Sofia + Desolated / Combust / Expe  @ Топлоцентрала
  2026-10-09T19:30  MAYHEM: Death Over Europe Tour  @ Зала Христо Ботев Студентски Град
  2026-11-28T20:00  Михаела Маринова - Концерт - част от програмата "С  @ НДК
  2026-09-25T10:00  MLC Training Collection 2026 - 2027  @ My Leadership Center
  2026-10-08T21:00  MONA LIVE - “ЖИВА” ALBUM PREVIEW - 08.10.2026 - Ба  @ Networking Premium (Гурко 16)
  2026-10-04T09:00  Next Level & Flais Les Mills 2026  @ Joy Station
  2026-10-31T19:30  NICKA Halloween Concert "Хиляди Лица" / Mixtape 5   @ Mixtape 5
  2026-10-08T18:30  Обувките на Ван Гог - научи историята, нарисувай к  @ Читалище "Алеко Константинов - 1897 г."
  2026-10-02T19:00  ОСТАВА: LIVE & VISUAL EXPERIENCE @ Malkata Tekila   @ Малката Текила
  2026-10-03T19:00  PAOLA | ИСКАМ ВСИЧКО Tour 2026 София  @ Joy Station
  2026-10-08T19:00  Презентация: Планините и хората през погледа на Ст  @ Сцена Централни хали
  2026-10-04T11:00  Психологическите типове на Юнг и Майерс-Бригс – пр  @ Nexus Space
  2026-10-08T19:30  Raid Kyu Quartet (SRB) at Club Mixtape 5  @ Mixtape 5
  2026-10-02T21:00  RDMK LIVE - 02.10.2026 - Бар Петък  @ Networking Premium (Гурко 16)

записани 46 софийски събития
