търся: хижа септември  ←  Хижа Септември, Витоша, България
   ✗ не е намерена
търся: септемvri hut  ←  Хижа Септември, Витоша, България
   ✗ не е намерена
търся: networking premium  ←  улица Генерал Йосиф В. Гурко 16, София
   ✗ не е намерена
търся: гурко 16  ←  улица Генерал Йосиф В. Гурко 16, София
   ✗ не е намерена
търся: theatro  ←  улица Върбица 12, София
   ✗ не е намерена
търся: театро  ←  улица Върбица 12, София
   ✗ не е намерена
търся: bar gatto  ←  улица Шишман 22, София
   ✗ не е намерена
търся: мixtape 5  ←  бул. Черни връх 1, София
   ✓ 42.68188,23.32164  1, бул. Черни връх, ж.к. Лозенец, София, Лозенец, Столич
търся: mixtape 5  ←  бул. Черни връх 1, София
   ✓ 42.68188,23.32164  1, бул. Черни връх, ж.к. Лозенец, София, Лозенец, Столич
търся: ндк  ←  Национален дворец на културата, София
   ✓ 42.68476,23.31894  Национален дворец на културата, 1, пл. България, Център,
търся: арена 8888  ←  Арена София, бул. Асен Йорданов 1, София
   ✗ не е намерена
търся: асикс арена  ←  зала Фестивална, бул. Асен Йорданов, София
   ✗ не е намерена
търся: интер експо  ←  Интер Експо Център, бул. Цариградско шосе 147, София
   ✓ 42.64913,23.39564  Интер Експо Център, 147, бул. Цариградско шосе, 7-ми 11-
търся: софия тех парк  ←  София Тех Парк, бул. Цариградско шосе 111, София
   ✓ 42.6656,23.37171  София Тех Парк, бул. Цариградско шосе, ж.к. Младост 1, С
търся: joy station  ←  Joy Station, бул. Черни връх, София
   ✗ не е намерена
търся: yalta  ←  Yalta Club, бул. Цар Освободител 20, София
   ✗ не е намерена
търся: paradise center  ←  Paradise Center, бул. Черни връх 100, София
   ✓ 42.65787,23.31479  Paradise Center, 100, бул. Черни връх, Промишлена зона Х
търся: малката текила  ←  Малката Текила, ул. Ангел Кънчев, София
   ✗ не е намерена
търся: пиротска  ←  улица Пиротска 5, София
   ✗ не е намерена
търся: sofia event center  ←  Sofia Event Center, бул. Черни връх 100, София
   ✓ 42.6578,23.31484  Sofia Event Center, 100, бул. Черни връх, Промишлена зон
търся: театър 199  ←  Театър 199, ул. Славянска 8, София
   ✗ не е намерена

обновени 7 зали, общо в кеша: 7
