run: 2026-09-28T11:36:09.888810+00:00
eventim api p1 fail: <HTTPError 403: 'Forbidden'>
eventim api p1 fail: <HTTPError 403: 'Forbidden'>
eventim html p1 fail: <HTTPError 520: '<none>'>
eventim: 0
  ndk: 2026-10-02T19:00 | Салон на изкуствата / Събития
  ndk: 2026-09-07T19:00 | Официална церемония даде старт на „Алея на кн
  ndk: 2026-09-28T19:00 | Дракула - Мюзикълът
  ndk: 2026-10-01T19:00 | Японски графичен дизайн | САЛОН НА ИЗКУСТВАТА
ndk: 16
  arena: 2026-09-18T20:00 | 17.04.2027 Lepa Brena Show
  arena: 2025-12-19T20:00 | Видео
arena: 25
  theatre day0: 0 представления
  theatre day1: 0 представления
theatre: 0
футбол: 0
  локални diag: pattern hits [0, 0, 0, 0], 0 заглавия оцеляха
локални: 0
merge: 28 прието, 8 минали, 5 след хоризонта
✅ OK: 55 събития (28 с гео), източници: ['arena', 'bilet', 'ndk']
